2026-10-08T16:28:45 | INFO | app | Database schema is managed by Alembic; run migrations before startup
2026-10-08T16:28:45 | INFO | app | Celery broker connection pre-warmed successfully
2026-10-08T16:54:31 | INFO | app | Database schema is managed by Alembic; run migrations before startup
2026-10-08T16:54:31 | INFO | app | Celery broker connection pre-warmed successfully
2026-10-08T16:54:39 | INFO | app | RedirectCheckAnalyzer: analyzed 2 URLs — findings=0, recommendations=0, overall_status=pass, severity=none
2026-10-08T16:54:39 | INFO | app | RedirectCheckAnalyzer: analyzed 1 URLs — findings=1, recommendations=1, overall_status=warning, severity=low
2026-10-08T16:54:39 | INFO | app | RedirectCheckAnalyzer: analyzed 1 URLs — findings=1, recommendations=1, overall_status=warning, severity=low
2026-10-08T16:54:39 | INFO | app | RedirectCheckAnalyzer: analyzed 1 URLs — findings=1, recommendations=1, overall_status=fail, severity=high
2026-10-08T16:54:39 | INFO | app | RedirectCheckAnalyzer: analyzed 1 URLs — findings=2, recommendations=2, overall_status=warning, severity=medium
2026-10-08T16:54:39 | INFO | app | RedirectCheckAnalyzer: analyzed 1 URLs — findings=1, recommendations=1, overall_status=fail, severity=high
2026-10-08T16:54:39 | INFO | app | RedirectCheckAnalyzer: analyzed 1 URLs — findings=2, recommendations=2, overall_status=warning, severity=low
2026-10-08T16:54:39 | INFO | app | RedirectCheckAnalyzer: analyzed 4 URLs — findings=3, recommendations=2, overall_status=fail, severity=high
2026-10-08T16:54:39 | INFO | app | RedirectCheckAnalyzer: analyzed 1 URLs — findings=1, recommendations=1, overall_status=warning, severity=low
2026-10-08T16:54:41 | WARNING | app | redirect_urls: robots.txt was unreachable (HTTP 503) for example.test
2026-10-08T16:57:20 | INFO | app | Celery broker connection pre-warmed successfully
2026-10-08T16:57:46 | INFO | app | Celery broker connection pre-warmed successfully
2026-10-08T16:59:53 | WARNING | app | Redirect HTTP failure for https://example.com/page (ConnectError)
2026-10-08T16:59:53 | INFO | app | Redirect checker using browser fallback for https://example.com/page
2026-10-08T16:59:54 | WARNING | app | Redirect HTTP failure for https://example.com/page (ReadTimeout)
2026-10-08T16:59:54 | WARNING | app | redirect_urls: robots.txt was unreachable (HTTP 503) for example.test
2026-10-08T17:00:48 | INFO | app | Celery broker connection pre-warmed successfully
2026-10-08T17:01:13 | INFO | app | Celery broker connection pre-warmed successfully
2026-10-08T17:01:32 | WARNING | app | Redirect HTTP failure for https://example.com/page (ConnectError)
2026-10-08T17:01:32 | INFO | app | Redirect checker using browser fallback for https://example.com/page
2026-10-08T17:01:33 | WARNING | app | Redirect HTTP failure for https://example.com/page (ReadTimeout)
2026-10-08T17:01:33 | WARNING | app | redirect_urls: robots.txt was unreachable (HTTP 503) for example.test
2026-10-08T17:04:08 | INFO | app | Celery broker connection pre-warmed successfully
2026-10-08T17:04:41 | INFO | app | Celery broker connection pre-warmed successfully
2026-10-08T17:04:52 | INFO | app | Celery broker connection pre-warmed successfully
2026-10-08T17:05:24 | INFO | app | Celery broker connection pre-warmed successfully
2026-10-08T17:05:55 | INFO | app | Celery broker connection pre-warmed successfully
2026-10-08T17:16:28 | INFO | app | Celery broker connection pre-warmed successfully
2026-10-08T17:16:33 | INFO | app | RedirectCheckAnalyzer: analyzed 2 results, findings=0, status=pass
2026-10-08T17:16:33 | INFO | app | RedirectCheckAnalyzer: analyzed 1 results, findings=1, status=warning
2026-10-08T17:16:33 | INFO | app | RedirectCheckAnalyzer: analyzed 1 results, findings=1, status=warning
2026-10-08T17:16:33 | INFO | app | RedirectCheckAnalyzer: analyzed 1 results, findings=1, status=fail
2026-10-08T17:16:33 | INFO | app | RedirectCheckAnalyzer: analyzed 1 results, findings=2, status=warning
2026-10-08T17:16:33 | INFO | app | RedirectCheckAnalyzer: analyzed 1 results, findings=1, status=fail
2026-10-08T17:16:33 | INFO | app | RedirectCheckAnalyzer: analyzed 1 results, findings=2, status=warning
2026-10-08T17:16:33 | INFO | app | RedirectCheckAnalyzer: analyzed 4 results, findings=3, status=fail
2026-10-08T17:16:33 | INFO | app | RedirectCheckAnalyzer: analyzed 1 results, findings=2, status=warning
2026-10-08T17:16:55 | INFO | app | RedirectCheckAnalyzer: analyzed 2 results, findings=0, status=pass
2026-10-08T17:16:55 | INFO | app | RedirectCheckAnalyzer: analyzed 1 results, findings=1, status=warning
2026-10-08T17:16:55 | INFO | app | RedirectCheckAnalyzer: analyzed 1 results, findings=1, status=warning
2026-10-08T17:16:55 | INFO | app | RedirectCheckAnalyzer: analyzed 1 results, findings=1, status=fail
2026-10-08T17:16:55 | INFO | app | RedirectCheckAnalyzer: analyzed 1 results, findings=2, status=warning
2026-10-08T17:16:55 | INFO | app | RedirectCheckAnalyzer: analyzed 1 results, findings=1, status=fail
2026-10-08T17:16:55 | INFO | app | RedirectCheckAnalyzer: analyzed 1 results, findings=2, status=warning
2026-10-08T17:16:55 | INFO | app | RedirectCheckAnalyzer: analyzed 4 results, findings=3, status=fail
2026-10-08T17:16:55 | INFO | app | RedirectCheckAnalyzer: analyzed 1 results, findings=2, status=warning
2026-10-08T17:16:56 | WARNING | app | Redirect HTTP failure for https://example.com/page (ConnectError)
2026-10-08T17:16:57 | INFO | app | Redirect checker using browser fallback for https://example.com/page
2026-10-08T17:16:58 | WARNING | app | Redirect HTTP failure for https://example.com/page (ReadTimeout)
2026-10-08T17:16:58 | WARNING | app | redirect_urls: robots.txt was unreachable (HTTP 503) for example.test
2026-10-08T17:17:37 | INFO | app | Celery broker connection pre-warmed successfully
2026-10-08T17:17:55 | INFO | app | Celery broker connection pre-warmed successfully
2026-10-08T17:18:05 | INFO | app | Celery broker connection pre-warmed successfully
2026-10-08T17:18:14 | INFO | app | Celery broker connection pre-warmed successfully
2026-10-08T17:18:19 | INFO | app | RedirectCheckAnalyzer: analyzed 2 results, findings=0, status=pass
2026-10-08T17:18:19 | INFO | app | RedirectCheckAnalyzer: analyzed 1 results, findings=1, status=warning
2026-10-08T17:18:19 | INFO | app | RedirectCheckAnalyzer: analyzed 1 results, findings=1, status=warning
2026-10-08T17:18:19 | INFO | app | RedirectCheckAnalyzer: analyzed 1 results, findings=1, status=fail
2026-10-08T17:18:19 | INFO | app | RedirectCheckAnalyzer: analyzed 1 results, findings=2, status=warning
2026-10-08T17:18:19 | INFO | app | RedirectCheckAnalyzer: analyzed 1 results, findings=1, status=fail
2026-10-08T17:18:19 | INFO | app | RedirectCheckAnalyzer: analyzed 1 results, findings=2, status=warning
2026-10-08T17:18:19 | INFO | app | RedirectCheckAnalyzer: analyzed 4 results, findings=3, status=fail
2026-10-08T17:18:19 | INFO | app | RedirectCheckAnalyzer: analyzed 1 results, findings=2, status=warning
2026-10-08T17:18:20 | WARNING | app | Redirect HTTP failure for https://example.com/page (ConnectError)
2026-10-08T17:18:20 | INFO | app | Redirect checker using browser fallback for https://example.com/page
2026-10-08T17:18:21 | WARNING | app | Redirect HTTP failure for https://example.com/page (ReadTimeout)
2026-10-08T17:18:21 | WARNING | app | redirect_urls: robots.txt was unreachable (HTTP 503) for example.test
2026-10-08T18:24:41 | INFO | app | Celery broker connection pre-warmed successfully
2026-10-08T18:24:58 | INFO | app | Worker process initialized with persistent background event loop (pid=2664)
2026-10-08T18:25:14 | INFO | app | Worker process initialized with persistent background event loop (pid=15120)
2026-10-08T18:25:30 | INFO | app | Worker process initialized with persistent background event loop (pid=17448)
2026-10-08T18:25:49 | INFO | app | Worker process initialized with persistent background event loop (pid=15292)
2026-10-08T18:27:44 | INFO | app | Worker process initialized with persistent background event loop (pid=26204)
2026-10-08T18:27:46 | INFO | app | Loaded 64 scoring rules
2026-10-08T18:27:56 | INFO | app | Starting SEO scoring...
2026-10-08T18:27:56 | INFO | app | Completed 64 rule evaluations
2026-10-08T18:27:56 | INFO | app | SEO Score calculated: 91.3/100 (Grade A)
2026-10-08T18:27:57 | INFO | app | Loaded 64 scoring rules
2026-10-08T18:28:00 | INFO | app | Starting SEO scoring...
2026-10-08T18:28:00 | INFO | app | Completed 64 rule evaluations
2026-10-08T18:28:00 | INFO | app | SEO Score calculated: 88.9/100 (Grade B+)
2026-10-08T18:28:01 | INFO | app | Loaded 64 scoring rules
2026-10-08T18:28:07 | INFO | app | Starting SEO scoring...
2026-10-08T18:28:07 | INFO | app | Completed 64 rule evaluations
2026-10-08T18:28:07 | INFO | app | SEO Score calculated: 88.3/100 (Grade B+)
2026-10-08T18:28:07 | INFO | app | Loaded 64 scoring rules
2026-10-08T18:28:11 | INFO | app | Starting SEO scoring...
2026-10-08T18:28:11 | INFO | app | Completed 64 rule evaluations
2026-10-08T18:28:11 | INFO | app | SEO Score calculated: 91.5/100 (Grade A)
2026-10-08T18:28:12 | INFO | app | Loaded 64 scoring rules
2026-10-08T18:28:15 | INFO | app | Starting SEO scoring...
2026-10-08T18:28:15 | INFO | app | Completed 64 rule evaluations
2026-10-08T18:28:15 | INFO | app | SEO Score calculated: 88.5/100 (Grade B+)
2026-10-08T18:28:16 | INFO | app | Loaded 64 scoring rules
2026-10-08T18:28:19 | INFO | app | Starting SEO scoring...
2026-10-08T18:28:19 | INFO | app | Completed 64 rule evaluations
2026-10-08T18:28:19 | INFO | app | SEO Score calculated: 91.1/100 (Grade A)
2026-10-08T18:28:19 | INFO | app | Loaded 64 scoring rules
2026-10-08T18:28:23 | INFO | app | Starting SEO scoring...
2026-10-08T18:28:23 | INFO | app | Completed 64 rule evaluations
2026-10-08T18:28:23 | INFO | app | SEO Score calculated: 91.5/100 (Grade A)
2026-10-08T18:28:23 | INFO | app | Loaded 64 scoring rules
2026-10-08T18:28:27 | INFO | app | Starting SEO scoring...
2026-10-08T18:28:27 | INFO | app | Completed 64 rule evaluations
2026-10-08T18:28:27 | INFO | app | SEO Score calculated: 90.3/100 (Grade A)
2026-10-08T18:28:27 | INFO | app | Loaded 64 scoring rules
2026-10-08T18:28:30 | INFO | app | Starting SEO scoring...
2026-10-08T18:28:30 | INFO | app | Completed 64 rule evaluations
2026-10-08T18:28:30 | INFO | app | SEO Score calculated: 90.9/100 (Grade A)
2026-10-08T18:28:31 | INFO | app | Loaded 64 scoring rules
2026-10-08T18:28:34 | INFO | app | Starting SEO scoring...
2026-10-08T18:28:34 | INFO | app | Completed 64 rule evaluations
2026-10-08T18:28:34 | INFO | app | SEO Score calculated: 89.3/100 (Grade B+)
2026-10-09T09:45:56 | INFO | app | Celery broker connection pre-warmed successfully
2026-10-09T10:08:40 | INFO | app | Celery broker connection pre-warmed successfully
2026-10-09T10:08:47 | INFO | app | Celery broker connection pre-warmed successfully
2026-10-09T10:08:54 | INFO | app | Celery broker connection pre-warmed successfully
2026-10-09T10:09:00 | INFO | app | Celery broker connection pre-warmed successfully
2026-10-09T10:09:17 | INFO | app | Celery broker connection pre-warmed successfully
2026-10-09T10:09:24 | INFO | app | Celery broker connection pre-warmed successfully
2026-10-09T10:10:13 | INFO | app | Worker process initialized with persistent background event loop (pid=17888)
2026-10-09T10:10:14 | INFO | app | redirect_check.run_check: started check_id=4ded9a3d-4d64-4aad-87b9-5e81cda65b17
2026-10-09T10:10:15 | INFO | app | RedirectCheckAnalyzer: analyzed 2 results, findings=0, status=pass
2026-10-09T10:10:15 | INFO | app | RedirectCheckAnalyzer: analyzed 1 results, findings=1, status=warning
2026-10-09T10:10:15 | INFO | app | RedirectCheckAnalyzer: analyzed 1 results, findings=1, status=warning
2026-10-09T10:10:15 | INFO | app | RedirectCheckAnalyzer: analyzed 1 results, findings=1, status=fail
2026-10-09T10:10:15 | INFO | app | RedirectCheckAnalyzer: analyzed 1 results, findings=2, status=warning
2026-10-09T10:10:15 | INFO | app | RedirectCheckAnalyzer: analyzed 1 results, findings=1, status=fail
2026-10-09T10:10:15 | INFO | app | RedirectCheckAnalyzer: analyzed 1 results, findings=2, status=warning
2026-10-09T10:10:15 | INFO | app | RedirectCheckAnalyzer: analyzed 4 results, findings=3, status=fail
2026-10-09T10:10:15 | INFO | app | RedirectCheckAnalyzer: analyzed 1 results, findings=2, status=warning
2026-10-09T10:10:16 | INFO | app | redirect_check.run_check: completed check_id=4ded9a3d-4d64-4aad-87b9-5e81cda65b17
2026-10-09T10:10:16 | INFO | app | redirect_check.run_check: started check_id=3761f1eb-d564-40a6-b53d-340c9caae316
2026-10-09T10:10:17 | INFO | app | redirect_check.run_check: completed check_id=3761f1eb-d564-40a6-b53d-340c9caae316
2026-10-09T10:10:21 | INFO | app | Worker process initialized with persistent background event loop (pid=10944)
2026-10-09T10:10:29 | INFO | app | Worker process initialized with persistent background event loop (pid=19648)
2026-10-09T10:11:01 | INFO | app | Worker process initialized with persistent background event loop (pid=24272)
2026-10-09T10:11:27 | INFO | app | Worker process initialized with persistent background event loop (pid=24852)
2026-10-09T10:12:47 | INFO | app | redirect_check.run_check: started check_id=d2e86e79-4a39-4988-9919-b03416650f03
2026-10-09T10:12:48 | INFO | app | redirect_check.run_check: completed check_id=d2e86e79-4a39-4988-9919-b03416650f03
2026-10-09T10:19:29 | INFO | app | redirect_check.run_check: started check_id=311473d0-7e52-4928-be60-c47dfcf46bf6
2026-10-09T10:19:30 | INFO | app | redirect_check.run_check: completed check_id=311473d0-7e52-4928-be60-c47dfcf46bf6
2026-10-09T10:19:32 | INFO | app | redirect_check.domain_check: started audit_id=35cc8291-ec22-4a4c-92b3-037f14d9b6b0 domain=https://infomagine.in/ max_urls=20 max_depth=5 max_hops=10
2026-10-09T10:19:32 | INFO | app | redirect_check.domain_check: progress state=PROGRESS phase=discovery audit_id=35cc8291-ec22-4a4c-92b3-037f14d9b6b0
2026-10-09T10:19:32 | INFO | app | RedirectCheckService: starting URL discovery for https://infomagine.in
2026-10-09T10:19:33 | INFO | app | Site discovery complete for https://infomagine.in: robots=True, sitemaps=1, page_urls=48
2026-10-09T10:19:33 | INFO | app | RedirectCheckService: discovery complete — sitemaps=1, robots_exists=True, sitemap_urls=48
2026-10-09T10:19:35 | INFO | app | Site discovery complete for https://infomagine.in: robots=True, sitemaps=1, page_urls=48
2026-10-09T10:20:10 | INFO | app | RedirectCheckService: discovered 20 total URLs (sitemap=48, crawl=-28)
2026-10-09T10:20:11 | INFO | app | RedirectCheckService: starting URL checks for audit_id=35cc8291-ec22-4a4c-92b3-037f14d9b6b0, urls=20
2026-10-09T10:20:11 | INFO | app | redirect_check.domain_check: progress state=PROGRESS phase=discovered audit_id=35cc8291-ec22-4a4c-92b3-037f14d9b6b0
2026-10-09T10:20:14 | WARNING | app | RedirectCheckService: error checking https://infomagine.in/services/azure-managed-cloud-services: (sqlalchemy.dialects.postgresql.asyncpg.InterfaceError) <class 'asyncpg.exceptions._base.InterfaceError'>: cannot perform operation: another operation is in progress
[SQL: INSERT INTO streaming_page_results (id, audit_id, normalized_url, canonical_url, http_status, processing_status, page_score, processing_latency_ms, parsed_payload, page_findings, discovered_urls, error_info) VALUES ($1::UUID, $2::UUID, $3::VARCHAR, $4::VARCHAR, $5::INTEGER, $6::VARCHAR, $7::FLOAT, $8::INTEGER, $9::JSONB, $10::JSONB, $11::JSONB, $12::VARCHAR) ON CONFLICT ON CONSTRAINT uq_streaming_page_result_audit_url DO UPDATE SET canonical_url = $13::VARCHAR, http_status = $14::INTEGER, processing_status = $15::VARCHAR, page_score = $16::FLOAT, processing_latency_ms = $17::INTEGER, parsed_payload = $18::JSONB, page_findings = $19::JSONB, discovered_urls = $20::JSONB, error_info = $21::VARCHAR, updated_at = now() RETURNING streaming_page_results.id, streaming_page_results.audit_id, streaming_page_results.normalized_url, streaming_page_results.canonical_url, streaming_page_results.http_status, streaming_page_results.processing_status, streaming_page_results.page_score, streaming_page_results.processing_latency_ms, streaming_page_results.parsed_payload, streaming_page_results.page_findings, streaming_page_results.discovered_urls, streaming_page_results.error_info, streaming_page_results.last_error, streaming_page_results.created_at, streaming_page_results.updated_at]
[parameters: (UUID('1bf7cb16-beef-4baa-9e93-5aad16b8f6d2'), UUID('35cc8291-ec22-4a4c-92b3-037f14d9b6b0'), 'https://infomagine.in/services/azure-managed-cloud-services', None, 200, 'completed', None, 0, 'null', '{"redirect_count": 1, "final_url": "https://infomagine.in/services/azure-managed-cloud-services", "final_status": 200, "error": null, "is_redirect": true, "is_internal_redirect": false, "is_external_redirect": true, "redirects": 1}', '[]', None, None, 200, 'completed', None, 0, 'null', '{"redirect_count": 1, "final_url": "https://infomagine.in/services/azure-managed-cloud-services", "final_status": 200, "error": null, "is_redirect": true, "is_internal_redirect": false, "is_external_redirect": true, "redirects": 1}', '[]', None)]
(Background on this error at: https://sqlalche.me/e/20/rvf5)
2026-10-09T10:20:14 | WARNING | app | RedirectCheckService: error checking https://infomagine.in/blog/cloud-vs-traditional-hosting-which-is-better-for-your-business-in-2026: This session is in 'prepared' state; no further SQL can be emitted within this transaction.
2026-10-09T10:20:14 | WARNING | app | RedirectCheckService: error checking https://infomagine.in/services/aws-services: (sqlalchemy.dialects.postgresql.asyncpg.InterfaceError) <class 'asyncpg.exceptions._base.InterfaceError'>: cannot perform operation: another operation is in progress
[SQL: INSERT INTO streaming_page_results (id, audit_id, normalized_url, canonical_url, http_status, processing_status, page_score, processing_latency_ms, parsed_payload, page_findings, discovered_urls, error_info) VALUES ($1::UUID, $2::UUID, $3::VARCHAR, $4::VARCHAR, $5::INTEGER, $6::VARCHAR, $7::FLOAT, $8::INTEGER, $9::JSONB, $10::JSONB, $11::JSONB, $12::VARCHAR) ON CONFLICT ON CONSTRAINT uq_streaming_page_result_audit_url DO UPDATE SET canonical_url = $13::VARCHAR, http_status = $14::INTEGER, processing_status = $15::VARCHAR, page_score = $16::FLOAT, processing_latency_ms = $17::INTEGER, parsed_payload = $18::JSONB, page_findings = $19::JSONB, discovered_urls = $20::JSONB, error_info = $21::VARCHAR, updated_at = now() RETURNING streaming_page_results.id, streaming_page_results.audit_id, streaming_page_results.normalized_url, streaming_page_results.canonical_url, streaming_page_results.http_status, streaming_page_results.processing_status, streaming_page_results.page_score, streaming_page_results.processing_latency_ms, streaming_page_results.parsed_payload, streaming_page_results.page_findings, streaming_page_results.discovered_urls, streaming_page_results.error_info, streaming_page_results.last_error, streaming_page_results.created_at, streaming_page_results.updated_at]
[parameters: (UUID('1c6b3986-26ab-4932-8adb-4a1b177f75f8'), UUID('35cc8291-ec22-4a4c-92b3-037f14d9b6b0'), 'https://infomagine.in/services/aws-services', None, 200, 'completed', None, 0, 'null', '{"redirect_count": 1, "final_url": "https://infomagine.in/services/aws-services", "final_status": 200, "error": null, "is_redirect": true, "is_internal_redirect": false, "is_external_redirect": true, "redirects": 1}', '[]', None, None, 200, 'completed', None, 0, 'null', '{"redirect_count": 1, "final_url": "https://infomagine.in/services/aws-services", "final_status": 200, "error": null, "is_redirect": true, "is_internal_redirect": false, "is_external_redirect": true, "redirects": 1}', '[]', None)]
(Background on this error at: https://sqlalche.me/e/20/rvf5)
2026-10-09T10:20:14 | WARNING | app | RedirectCheckService: error checking https://infomagine.in/services/reactjs: This session is in 'prepared' state; no further SQL can be emitted within this transaction.
2026-10-09T10:20:16 | INFO | app | redirect_check.domain_check: progress state=PROGRESS phase=checking audit_id=35cc8291-ec22-4a4c-92b3-037f14d9b6b0
2026-10-09T10:20:16 | WARNING | app | RedirectCheckService: error checking https://infomagine.in/services/software-testing-qa: (sqlalchemy.dialects.postgresql.asyncpg.InterfaceError) <class 'asyncpg.exceptions._base.InterfaceError'>: cannot perform operation: another operation is in progress
[SQL: INSERT INTO streaming_page_results (id, audit_id, normalized_url, canonical_url, http_status, processing_status, page_score, processing_latency_ms, parsed_payload, page_findings, discovered_urls, error_info) VALUES ($1::UUID, $2::UUID, $3::VARCHAR, $4::VARCHAR, $5::INTEGER, $6::VARCHAR, $7::FLOAT, $8::INTEGER, $9::JSONB, $10::JSONB, $11::JSONB, $12::VARCHAR) ON CONFLICT ON CONSTRAINT uq_streaming_page_result_audit_url DO UPDATE SET canonical_url = $13::VARCHAR, http_status = $14::INTEGER, processing_status = $15::VARCHAR, page_score = $16::FLOAT, processing_latency_ms = $17::INTEGER, parsed_payload = $18::JSONB, page_findings = $19::JSONB, discovered_urls = $20::JSONB, error_info = $21::VARCHAR, updated_at = now() RETURNING streaming_page_results.id, streaming_page_results.audit_id, streaming_page_results.normalized_url, streaming_page_results.canonical_url, streaming_page_results.http_status, streaming_page_results.processing_status, streaming_page_results.page_score, streaming_page_results.processing_latency_ms, streaming_page_results.parsed_payload, streaming_page_results.page_findings, streaming_page_results.discovered_urls, streaming_page_results.error_info, streaming_page_results.last_error, streaming_page_results.created_at, streaming_page_results.updated_at]
[parameters: (UUID('31ac3196-b4f7-4570-8624-423a4eb0602d'), UUID('35cc8291-ec22-4a4c-92b3-037f14d9b6b0'), 'https://infomagine.in/services/software-testing-qa', None, 200, 'completed', None, 0, 'null', '{"redirect_count": 1, "final_url": "https://infomagine.in/services/software-testing-qa", "final_status": 200, "error": null, "is_redirect": true, "is_internal_redirect": false, "is_external_redirect": true, "redirects": 1}', '[]', None, None, 200, 'completed', None, 0, 'null', '{"redirect_count": 1, "final_url": "https://infomagine.in/services/software-testing-qa", "final_status": 200, "error": null, "is_redirect": true, "is_internal_redirect": false, "is_external_redirect": true, "redirects": 1}', '[]', None)]
(Background on this error at: https://sqlalche.me/e/20/rvf5)
2026-10-09T10:20:16 | WARNING | app | RedirectCheckService: error checking https://infomagine.in/services/VueJs: (sqlalchemy.dialects.postgresql.asyncpg.InterfaceError) <class 'asyncpg.exceptions._base.InterfaceError'>: cannot perform operation: another operation is in progress
[SQL: INSERT INTO streaming_page_results (id, audit_id, normalized_url, canonical_url, http_status, processing_status, page_score, processing_latency_ms, parsed_payload, page_findings, discovered_urls, error_info) VALUES ($1::UUID, $2::UUID, $3::VARCHAR, $4::VARCHAR, $5::INTEGER, $6::VARCHAR, $7::FLOAT, $8::INTEGER, $9::JSONB, $10::JSONB, $11::JSONB, $12::VARCHAR) ON CONFLICT ON CONSTRAINT uq_streaming_page_result_audit_url DO UPDATE SET canonical_url = $13::VARCHAR, http_status = $14::INTEGER, processing_status = $15::VARCHAR, page_score = $16::FLOAT, processing_latency_ms = $17::INTEGER, parsed_payload = $18::JSONB, page_findings = $19::JSONB, discovered_urls = $20::JSONB, error_info = $21::VARCHAR, updated_at = now() RETURNING streaming_page_results.id, streaming_page_results.audit_id, streaming_page_results.normalized_url, streaming_page_results.canonical_url, streaming_page_results.http_status, streaming_page_results.processing_status, streaming_page_results.page_score, streaming_page_results.processing_latency_ms, streaming_page_results.parsed_payload, streaming_page_results.page_findings, streaming_page_results.discovered_urls, streaming_page_results.error_info, streaming_page_results.last_error, streaming_page_results.created_at, streaming_page_results.updated_at]
[parameters: (UUID('a0164c56-742d-4534-9601-4a8880890b99'), UUID('35cc8291-ec22-4a4c-92b3-037f14d9b6b0'), 'https://infomagine.in/services/VueJs', None, 200, 'completed', None, 0, 'null', '{"redirect_count": 1, "final_url": "https://infomagine.in/services/VueJs", "final_status": 200, "error": null, "is_redirect": true, "is_internal_redirect": false, "is_external_redirect": true, "redirects": 1}', '[]', None, None, 200, 'completed', None, 0, 'null', '{"redirect_count": 1, "final_url": "https://infomagine.in/services/VueJs", "final_status": 200, "error": null, "is_redirect": true, "is_internal_redirect": false, "is_external_redirect": true, "redirects": 1}', '[]', None)]
(Background on this error at: https://sqlalche.me/e/20/rvf5)
2026-10-09T10:20:16 | WARNING | app | RedirectCheckService: error checking https://infomagine.in/blog/beyond-seo-how-aeo-and-geo-are-redefining-search-optimization-in-2025: (sqlalchemy.dialects.postgresql.asyncpg.InternalClientError) <class 'asyncpg.exceptions._base.InternalClientError'>: got result for unknown protocol state 3
[SQL: INSERT INTO streaming_page_results (id, audit_id, normalized_url, canonical_url, http_status, processing_status, page_score, processing_latency_ms, parsed_payload, page_findings, discovered_urls, error_info) VALUES ($1::UUID, $2::UUID, $3::VARCHAR, $4::VARCHAR, $5::INTEGER, $6::VARCHAR, $7::FLOAT, $8::INTEGER, $9::JSONB, $10::JSONB, $11::JSONB, $12::VARCHAR) ON CONFLICT ON CONSTRAINT uq_streaming_page_result_audit_url DO UPDATE SET canonical_url = $13::VARCHAR, http_status = $14::INTEGER, processing_status = $15::VARCHAR, page_score = $16::FLOAT, processing_latency_ms = $17::INTEGER, parsed_payload = $18::JSONB, page_findings = $19::JSONB, discovered_urls = $20::JSONB, error_info = $21::VARCHAR, updated_at = now() RETURNING streaming_page_results.id, streaming_page_results.audit_id, streaming_page_results.normalized_url, streaming_page_results.canonical_url, streaming_page_results.http_status, streaming_page_results.processing_status, streaming_page_results.page_score, streaming_page_results.processing_latency_ms, streaming_page_results.parsed_payload, streaming_page_results.page_findings, streaming_page_results.discovered_urls, streaming_page_results.error_info, streaming_page_results.last_error, streaming_page_results.created_at, streaming_page_results.updated_at]
[parameters: (UUID('c1b641dc-6ebe-45f7-991c-ad2685cb741d'), UUID('35cc8291-ec22-4a4c-92b3-037f14d9b6b0'), 'https://infomagine.in/blog/beyond-seo-how-aeo-and-geo-are-redefining-search-optimization-in-2025', None, 200, 'completed', None, 0, 'null', '{"redirect_count": 1, "final_url": "https://infomagine.in/blog/beyond-seo-how-aeo-and-geo-are-redefining-search-optimization-in-2025", "final_status": 200, "error": null, "is_redirect": true, "is_internal_redirect": false, "is_external_redirect": true, "redirects": 1}', '[]', None, None, 200, 'completed', None, 0, 'null', '{"redirect_count": 1, "final_url": "https://infomagine.in/blog/beyond-seo-how-aeo-and-geo-are-redefining-search-optimization-in-2025", "final_status": 200, "error": null, "is_redirect": true, "is_internal_redirect": false, "is_external_redirect": true, "redirects": 1}', '[]', None)]
(Background on this error at: https://sqlalche.me/e/20/2j85)
2026-10-09T10:20:18 | WARNING | app | RedirectCheckService: error checking https://infomagine.in/services/laravel: This session is provisioning a new connection; concurrent operations are not permitted (Background on this error at: https://sqlalche.me/e/20/isce)
2026-10-09T10:20:18 | WARNING | app | RedirectCheckService: error checking https://infomagine.in/services/angular: (sqlalchemy.dialects.postgresql.asyncpg.InterfaceError) <class 'asyncpg.exceptions._base.InterfaceError'>: cannot perform operation: another operation is in progress
(Background on this error at: https://sqlalche.me/e/20/rvf5)
2026-10-09T10:20:19 | WARNING | app | RedirectCheckService: error checking https://infomagine.in/services/content-management-system: This session is provisioning a new connection; concurrent operations are not permitted (Background on this error at: https://sqlalche.me/e/20/isce)
2026-10-09T10:20:19 | WARNING | app | RedirectCheckService: error checking https://infomagine.in/casestudy/invitehive: This session is provisioning a new connection; concurrent operations are not permitted (Background on this error at: https://sqlalche.me/e/20/isce)
2026-10-09T10:20:20 | WARNING | app | RedirectCheckService: error checking https://infomagine.in/blog/flutter-vs-react-native-which-framework-is-right-for-your-next-app-in-2025: This session is provisioning a new connection; concurrent operations are not permitted (Background on this error at: https://sqlalche.me/e/20/isce)
2026-10-09T10:20:20 | WARNING | app | RedirectCheckService: error checking https://infomagine.in/sitemap: (sqlalchemy.dialects.postgresql.asyncpg.InterfaceError) <class 'asyncpg.exceptions._base.InterfaceError'>: cannot perform operation: another operation is in progress
[SQL: INSERT INTO streaming_page_results (id, audit_id, normalized_url, canonical_url, http_status, processing_status, page_score, processing_latency_ms, parsed_payload, page_findings, discovered_urls, error_info) VALUES ($1::UUID, $2::UUID, $3::VARCHAR, $4::VARCHAR, $5::INTEGER, $6::VARCHAR, $7::FLOAT, $8::INTEGER, $9::JSONB, $10::JSONB, $11::JSONB, $12::VARCHAR) ON CONFLICT ON CONSTRAINT uq_streaming_page_result_audit_url DO UPDATE SET canonical_url = $13::VARCHAR, http_status = $14::INTEGER, processing_status = $15::VARCHAR, page_score = $16::FLOAT, processing_latency_ms = $17::INTEGER, parsed_payload = $18::JSONB, page_findings = $19::JSONB, discovered_urls = $20::JSONB, error_info = $21::VARCHAR, updated_at = now() RETURNING streaming_page_results.id, streaming_page_results.audit_id, streaming_page_results.normalized_url, streaming_page_results.canonical_url, streaming_page_results.http_status, streaming_page_results.processing_status, streaming_page_results.page_score, streaming_page_results.processing_latency_ms, streaming_page_results.parsed_payload, streaming_page_results.page_findings, streaming_page_results.discovered_urls, streaming_page_results.error_info, streaming_page_results.last_error, streaming_page_results.created_at, streaming_page_results.updated_at]
[parameters: (UUID('bab02278-ca48-4d6a-8f54-b66b4e70caa9'), UUID('35cc8291-ec22-4a4c-92b3-037f14d9b6b0'), 'https://infomagine.in/sitemap', None, 200, 'completed', None, 0, 'null', '{"redirect_count": 1, "final_url": "https://infomagine.in/sitemap", "final_status": 200, "error": null, "is_redirect": true, "is_internal_redirect": false, "is_external_redirect": true, "redirects": 1}', '[]', None, None, 200, 'completed', None, 0, 'null', '{"redirect_count": 1, "final_url": "https://infomagine.in/sitemap", "final_status": 200, "error": null, "is_redirect": true, "is_internal_redirect": false, "is_external_redirect": true, "redirects": 1}', '[]', None)]
(Background on this error at: https://sqlalche.me/e/20/rvf5)
2026-10-09T10:20:20 | INFO | app | redirect_check.domain_check: progress state=PROGRESS phase=checking audit_id=35cc8291-ec22-4a4c-92b3-037f14d9b6b0
2026-10-09T10:20:21 | WARNING | app | RedirectCheckService: error checking https://infomagine.in/blog/from-ui-bugs-to-server-errors-common-frontend-backend-challenges-explained: (sqlalchemy.dialects.postgresql.asyncpg.InterfaceError) <class 'asyncpg.exceptions._base.InterfaceError'>: cannot perform operation: another operation is in progress
[SQL: INSERT INTO streaming_page_results (id, audit_id, normalized_url, canonical_url, http_status, processing_status, page_score, processing_latency_ms, parsed_payload, page_findings, discovered_urls, error_info) VALUES ($1::UUID, $2::UUID, $3::VARCHAR, $4::VARCHAR, $5::INTEGER, $6::VARCHAR, $7::FLOAT, $8::INTEGER, $9::JSONB, $10::JSONB, $11::JSONB, $12::VARCHAR) ON CONFLICT ON CONSTRAINT uq_streaming_page_result_audit_url DO UPDATE SET canonical_url = $13::VARCHAR, http_status = $14::INTEGER, processing_status = $15::VARCHAR, page_score = $16::FLOAT, processing_latency_ms = $17::INTEGER, parsed_payload = $18::JSONB, page_findings = $19::JSONB, discovered_urls = $20::JSONB, error_info = $21::VARCHAR, updated_at = now() RETURNING streaming_page_results.id, streaming_page_results.audit_id, streaming_page_results.normalized_url, streaming_page_results.canonical_url, streaming_page_results.http_status, streaming_page_results.processing_status, streaming_page_results.page_score, streaming_page_results.processing_latency_ms, streaming_page_results.parsed_payload, streaming_page_results.page_findings, streaming_page_results.discovered_urls, streaming_page_results.error_info, streaming_page_results.last_error, streaming_page_results.created_at, streaming_page_results.updated_at]
[parameters: (UUID('ab317da1-3c67-478c-b555-a3b951deac6c'), UUID('35cc8291-ec22-4a4c-92b3-037f14d9b6b0'), 'https://infomagine.in/blog/from-ui-bugs-to-server-errors-common-frontend-backend-challenges-explained', None, 200, 'completed', None, 0, 'null', '{"redirect_count": 1, "final_url": "https://infomagine.in/blog/from-ui-bugs-to-server-errors-common-frontend-backend-challenges-explained", "final_status": 200, "error": null, "is_redirect": true, "is_internal_redirect": false, "is_external_redirect": true, "redirects": 1}', '[]', None, None, 200, 'completed', None, 0, 'null', '{"redirect_count": 1, "final_url": "https://infomagine.in/blog/from-ui-bugs-to-server-errors-common-frontend-backend-challenges-explained", "final_status": 200, "error": null, "is_redirect": true, "is_internal_redirect": false, "is_external_redirect": true, "redirects": 1}', '[]', None)]
(Background on this error at: https://sqlalche.me/e/20/rvf5)
2026-10-09T10:20:21 | INFO | app | redirect_check.domain_check: progress state=PROGRESS phase=checking audit_id=35cc8291-ec22-4a4c-92b3-037f14d9b6b0
2026-10-09T10:20:21 | INFO | app | redirect_check.domain_check: progress state=PROGRESS phase=checking audit_id=35cc8291-ec22-4a4c-92b3-037f14d9b6b0
2026-10-09T10:20:21 | INFO | app | redirect_check.domain_check: progress state=PROGRESS phase=checking audit_id=35cc8291-ec22-4a4c-92b3-037f14d9b6b0
2026-10-09T10:20:21 | INFO | app | redirect_check.domain_check: progress state=PROGRESS phase=checking audit_id=35cc8291-ec22-4a4c-92b3-037f14d9b6b0
2026-10-09T10:20:21 | INFO | app | RedirectCheckAnalyzer: analyzed 6 results, findings=6, status=warning
2026-10-09T10:20:21 | INFO | app | RedirectCheckService: analysis complete audit_id=35cc8291-ec22-4a4c-92b3-037f14d9b6b0 total=6 findings=6 status=warning
2026-10-09T10:20:21 | INFO | app | redirect_check.domain_check: COMPLETED audit_id=35cc8291-ec22-4a4c-92b3-037f14d9b6b0 status=completed total_checked=6 total_findings=6 cost=49.166s
2026-10-09T10:26:17 | INFO | app | redirect_check.run_check: started check_id=7cbc3da6-2425-4370-ba21-c05ae27a3da0
2026-10-09T10:26:19 | INFO | app | Site discovery complete for https://infomagine.in/: robots=True, sitemaps=1, page_urls=48
2026-10-09T10:26:30 | INFO | app | redirect_check.run_check: completed check_id=7cbc3da6-2425-4370-ba21-c05ae27a3da0
2026-10-09T10:29:45 | INFO | app | redirect_check.run_check: started check_id=7d1c4135-924f-4168-a2cd-11ac5d038e4e
2026-10-09T10:29:46 | INFO | app | Site discovery complete for https://infomagine.in/: robots=True, sitemaps=1, page_urls=48
2026-10-09T10:29:55 | INFO | app | redirect_check.run_check: completed check_id=7d1c4135-924f-4168-a2cd-11ac5d038e4e
2026-10-09T10:30:16 | WARNING | app | check_redirects: validation error: Invalid domain provided: https:///xyz-test-123.in/
2026-10-09T10:30:38 | INFO | app | redirect_check.domain_check: started audit_id=d649372e-835c-421a-be48-3a8900a3cdb8 domain=https://xyz-test-123.in/ max_urls=20 max_depth=5 max_hops=10
2026-10-09T10:30:38 | INFO | app | redirect_check.domain_check: progress state=PROGRESS phase=discovery audit_id=d649372e-835c-421a-be48-3a8900a3cdb8
2026-10-09T10:30:38 | INFO | app | RedirectCheckService: starting URL discovery for https://xyz-test-123.in
2026-10-09T10:30:38 | INFO | app | Site discovery complete for https://xyz-test-123.in: robots=False, sitemaps=0, page_urls=0
2026-10-09T10:30:38 | INFO | app | RedirectCheckService: discovery complete — sitemaps=0, robots_exists=False, sitemap_urls=0
2026-10-09T10:30:39 | INFO | app | Site discovery complete for https://xyz-test-123.in: robots=False, sitemaps=0, page_urls=0
2026-10-09T10:30:43 | INFO | app | RedirectCheckService: discovered 1 total URLs (sitemap=0, crawl=1)
2026-10-09T10:30:43 | INFO | app | RedirectCheckService: starting URL checks for audit_id=d649372e-835c-421a-be48-3a8900a3cdb8, urls=1
2026-10-09T10:30:43 | INFO | app | redirect_check.domain_check: progress state=PROGRESS phase=discovered audit_id=d649372e-835c-421a-be48-3a8900a3cdb8
2026-10-09T10:30:44 | WARNING | app | Redirect HTTP failure for https://xyz-test-123.in/ (ConnectError)
2026-10-09T10:30:44 | INFO | app | redirect_check.domain_check: progress state=PROGRESS phase=checking audit_id=d649372e-835c-421a-be48-3a8900a3cdb8
2026-10-09T10:30:44 | INFO | app | RedirectCheckAnalyzer: analyzed 1 results, findings=1, status=fail
2026-10-09T10:30:44 | INFO | app | RedirectCheckService: analysis complete audit_id=d649372e-835c-421a-be48-3a8900a3cdb8 total=1 findings=1 status=fail
2026-10-09T10:30:44 | INFO | app | redirect_check.domain_check: COMPLETED audit_id=d649372e-835c-421a-be48-3a8900a3cdb8 status=completed total_checked=1 total_findings=1 cost=6.101s
2026-10-09T10:36:18 | WARNING | app | sse_event_stream: no events for audit_id=d649372e-835c-421a-be48-3a8900a3cdb8, stopping
